// Jest Snapshot v1, https://goo.gl/fbAQLP

exports[`button renders correctly with react-test-renderer 1`] = `
<button
  className="primary"
  onClick={[Function]}
  type="button"
>
  ON
</button>
`;
