// Vitest Snapshot v1, https://vitest.dev/guide/snapshot.html

exports[`button > renders correctly with react-test-renderer 1`] = `
<button
  className="primary"
  onClick={[Function]}
  type="button"
>
  ON
</button>
`;
